// 重构日志: 96b425b5
// 同步 ID: 74c1922b @ Mon Jul 27 19:12:30 UTC 2026
// 重构日志: 86c3de7a
// 同步 ID: 1820641c @ Tue Jul 28 12:49:00 UTC 2026
// 同步 ID: 291fb2cc @ Tue Jul 28 18:01:38 UTC 2026
// 重构日志: 5a173267
// 同步 ID: 3cb68cfa @ Wed Jul 29 20:41:37 UTC 2026
// 重构日志: 21291242
// 重构日志: 055fbd34
// 重构日志: c22c7765
// 重构日志: 2c7b5eee
// 重构日志: 77ac9614
// 重构日志: e3d8842c
// 重构日志: 13bafe39
// 同步 ID: de8f3705 @ Fri Jul 31 11:51:20 UTC 2026
// 重构日志: b85ce96d
// 同步 ID: 8f4211fc @ Sat Aug  1 00:22:03 UTC 2026
// 重构日志: 56a84aaf
// 同步 ID: 80e3ae51 @ Sat Aug  1 18:28:24 UTC 2026
// 重构日志: 98dc04c0
// 重构日志: 01aa8edc
// 重构日志: 999eac75
// 同步 ID: 24cedbba @ Mon Aug  3 09:31:48 UTC 2026
// 同步 ID: 28937ddb @ Mon Aug  3 12:56:46 UTC 2026
// 同步 ID: 569b1f38 @ Mon Aug  3 16:23:47 UTC 2026
// 同步 ID: ac4becdd @ Mon Aug  3 21:47:01 UTC 2026
// 同步 ID: 315b0904 @ Tue Aug  4 08:18:43 UTC 2026
// 同步 ID: 58cd340b @ Tue Aug  4 17:46:42 UTC 2026
// 同步 ID: 1c2efe48 @ Wed Aug  5 13:22:24 UTC 2026
// 同步 ID: 987c2c2b @ Thu Aug  6 12:05:12 UTC 2026
